type = GameMap
uin = 2
classPrompt = GameMap
gameMusic = "Sounds\\Music\\Game.ogg"
windDirection = 0
windSpeed = 1
resetYCoordinateForDynamicBodies = False
destroyObjectsBelowHeight = -500
ambientIntensity = 0.7
ambientSkyColor = 1 1 1
ambientEquatorColor = 0.7176471 0.7176471 0.7176471
ambientGroundColor = 1 1 1
editorCameraPosition = -84.52967 166.1954 34.4184
editorCameraDirection = 2.740232 0.007884264
shadowColor = 1 1 1
shadowFarDistance = 1000
shadowPSSMSplitFactors = 0.1 0.4
fov = 70
nearFarClipDistance = 0.1 3000
logicSystemManager = 3
staticBatchingRenderingEnabled = True
staticBatchingPhysicsEnabledInMapEditor = False
staticBatchingPhysicsEnabledInSimulation = False
staticBatchingGridCellSize = 30 30 30
staticBatchingFilterByMaxTriangleCount = 512
shadowTechnique = ShadowmapHigh
dataForEditor
{
}
sceneGraphSettings
{
	amountOfObjectsOutsideOctreeBoundsToRebuld = 30
	octreeBoundsRebuildExpand = 50 50 50
	minNodeSize = 10 10 10
	objectCountThresholdToCreateChildNodes = 10
	maxNodeCount = 300000
}
tags
{
}
rootEditorLayer
{
	name = Root Layer
}
entity
{
	type = LogicSystemManager
	uin = 3
	referencesToCompileDLL = "System.dll\r\nSystem.Drawing.dll\r\n\r\nEngineApp.dll\r\nUISystem.dll\r\nFileSystem.dll\r\nLog.dll\r\nMathEx.dll\r\nRenderer.dll\r\nPhysicsSystem.dll\r\nSoundSystem.dll\r\nEntitySystem.dll\r\nMapSystem.dll\r\nUtils.dll\r\nHeightmapTerrain.dll\r\nDecorativeObjectManager.dll\r\n\r\nProjectCommon.dll\r\nProjectEntities.dll\r\n\r\nXilium.CefGlue.dll\r\nWebBrowserControl.dll"
	usingNamespacesToCodeGeneration = "using System;\r\nusing System.Collections.Generic;\r\nusing System.Text;\r\n\r\nusing Engine;\r\nusing Engine.FileSystem;\r\nusing Engine.MathEx;\r\nusing Engine.Utils;\r\nusing Engine.Renderer;\r\nusing Engine.PhysicsSystem;\r\nusing Engine.SoundSystem;\r\nusing Engine.UISystem;\r\nusing Engine.EntitySystem;\r\nusing Engine.MapSystem;\r\n\r\nusing ProjectCommon;\r\nusing ProjectEntities;"
	mapClassManager = 4
	tags
	{
	}
	entity
	{
		type = LogicClassManager
		uin = 4
		tags
		{
		}
	}
}
entity
{
	type = Sun
	uin = 5
	classPrompt = Sun
	billboardTexture = "Base\\Types\\Lighting\\Sun\\SunDefault.png"
	billboardColor = 1 1 1
	billboardPower = 1
	billboardSize = 0.5
	billboardRenderQueueGroup = Main
	billboardOverridePosition = 0 0 0
	enabled = True
	lightType = Directional
	diffuseColor = 1 1 1
	diffusePower = 1
	specularColor = 1 1 1
	specularPower = 0.5
	attenuationNear = 0
	attenuationFar = 10
	attenuationPower = 2
	ffpAttenuationConstant = 1
	ffpAttenuationLinear = 0
	ffpAttenuationQuadric = 0
	spotlightInnerAngle = 30
	spotlightOuterAngle = 40
	spotlightFalloff = 1
	castShadows = True
	allowStaticLighting = False
	allowDynamicLighting = True
	customShaderParameter = 0 0 0 0
	position = 0 0 7
	rotation = -0.9155221 -0.2862536 0.2686641 0.08773675
	name = Sun_0
	tags
	{
	}
}
entity
{
	type = SpawnPoint
	uin = 6
	classPrompt = SpawnPoint
	defaultPoint = False
	position = -201.2033 246.0902 1.862819
	name = SpawnPoint_0
	tags
	{
	}
}
entity
{
	type = Fog
	uin = 7
	classPrompt = Fog
	enabled = True
	mode = Exp2
	color = 0.5607843 0.6666667 0.7686275
	expDensity = 0.001
	linearStart = 50
	linearEnd = 1000
	tags
	{
	}
}
entity
{
	type = BlueDaySky
	uin = 8
	classPrompt = CameraAttachedObject
	enabled = True
	tags
	{
	}
}
entity
{
	type = StaticMesh
	uin = 9
	classPrompt = StaticMesh
	position = 0 0 0
	name = StaticMesh_SM_RoadSegment_21_0
	meshName = "Objects\\SM_RoadSegment_21.mesh"
	collisionVehicleDrivableSurface = True
	castDynamicShadows = True
	tags
	{
	}
}
entity
{
	type = WaterPlane
	uin = 10
	classPrompt = WaterPlane
	size = 5000 5000
	position = 0 0 0
	segments = 20 20
	customMesh = "Objects\\SM_WaterPlane.mesh"
	renderQueueGroup = Queue3
	reflectionLevel = OnlySky
	physicsHeight = 0
	deepColor = 0.1019608 0.3843138 0.4
	shallowColor = 0.05490196 0.2 0.09019608 0.9960785
	reflectionColor = 0.5882353 0.5882353 0.5882353
	reflectionTextureSize = QuarterOfFrameBuffer
	visible = True
	fixedPipelineMap = "Base\\Types\\Water Plane\\WaterFixedPipeline.jpg"
	fixedPipelineMapTiling = 10
	fixedPipelineColor = 0.3803922 0.6784314 0.6 0.282353
	useHDRTexture = False
	allowFog = True
	tags
	{
	}
}
entity
{
	type = StaticMesh
	uin = 11
	classPrompt = StaticMesh
	position = 0 0 0
	name = StaticMesh_SM_RoadSegment_20_0
	meshName = "Objects\\SM_RoadSegment_20.mesh"
	collisionVehicleDrivableSurface = True
	castDynamicShadows = True
	tags
	{
	}
}
entity
{
	type = StaticMesh
	uin = 12
	classPrompt = StaticMesh
	position = 0 0 0
	name = StaticMesh_SM_RoadSegment_19_0
	meshName = "Objects\\SM_RoadSegment_19.mesh"
	collisionVehicleDrivableSurface = True
	castDynamicShadows = True
	tags
	{
	}
}
entity
{
	type = StaticMesh
	uin = 13
	classPrompt = StaticMesh
	position = 0 0 0
	name = StaticMesh_SM_RoadSegment_3_0
	meshName = "Objects\\SM_RoadSegment_3.mesh"
	collisionVehicleDrivableSurface = True
	castDynamicShadows = True
	tags
	{
	}
}
entity
{
	type = StaticMesh
	uin = 14
	classPrompt = StaticMesh
	position = 0 0 0
	name = StaticMesh_SM_RoadSegment_1_0
	meshName = "Objects\\SM_RoadSegment_1.mesh"
	collisionVehicleDrivableSurface = True
	castDynamicShadows = True
	tags
	{
	}
}
entity
{
	type = StaticMesh
	uin = 15
	classPrompt = StaticMesh
	position = 0 0 0
	name = StaticMesh_SM_Bridge_Small_a_0
	meshName = "Objects\\SM_Bridge_Small_a.mesh"
	collisionVehicleDrivableSurface = True
	castDynamicShadows = True
	tags
	{
	}
}
entity
{
	type = StaticMesh
	uin = 16
	classPrompt = StaticMesh
	position = 0 0 0
	name = StaticMesh_SM_Overpass_Downtown_0
	meshName = "Objects\\SM_Overpass_Downtown.mesh"
	collisionVehicleDrivableSurface = True
	castDynamicShadows = True
	tags
	{
	}
}
entity
{
	type = StaticMesh
	uin = 17
	classPrompt = StaticMesh
	position = 0 0 0
	name = StaticMesh_SM_BuildingOverview_0
	meshName = "Objects\\SM_BuildingOverview.mesh"
	castDynamicShadows = True
	tags
	{
	}
}
entity
{
	type = StaticMesh
	uin = 18
	classPrompt = StaticMesh
	position = 0 0 0
	name = StaticMesh_SM_RoadSegment_4_0
	meshName = "Objects\\SM_RoadSegment_4.mesh"
	collisionVehicleDrivableSurface = True
	castDynamicShadows = True
	tags
	{
	}
}
entity
{
	type = StaticMesh
	uin = 19
	classPrompt = StaticMesh
	position = 0 0 0
	name = StaticMesh_SM_RoadSegment_5_0
	meshName = "Objects\\SM_RoadSegment_5.mesh"
	collisionVehicleDrivableSurface = True
	castDynamicShadows = True
	tags
	{
	}
}
entity
{
	type = StaticMesh
	uin = 20
	classPrompt = StaticMesh
	position = 0 0 0
	name = StaticMesh_SM_RoadSegment_6_0
	meshName = "Objects\\SM_RoadSegment_6.mesh"
	collisionVehicleDrivableSurface = True
	castDynamicShadows = True
	tags
	{
	}
}
entity
{
	type = StaticMesh
	uin = 21
	classPrompt = StaticMesh
	position = 0 0 0
	name = StaticMesh_SM_RoadSegment_16_0
	meshName = "Objects\\SM_RoadSegment_16.mesh"
	collisionVehicleDrivableSurface = True
	castDynamicShadows = True
	tags
	{
	}
}
entity
{
	type = StaticMesh
	uin = 22
	classPrompt = StaticMesh
	position = 0 0 0
	name = StaticMesh_SM_Bridge_Main_1_0
	meshName = "Objects\\SM_Bridge_Main_1.mesh"
	collisionVehicleDrivableSurface = True
	castDynamicShadows = True
	tags
	{
	}
}
entity
{
	type = StaticMesh
	uin = 23
	classPrompt = StaticMesh
	position = 0 0 0
	name = StaticMesh_SM_Bridge_Main_2_0
	meshName = "Objects\\SM_Bridge_Main_2.mesh"
	collisionVehicleDrivableSurface = True
	castDynamicShadows = True
	tags
	{
	}
}
entity
{
	type = StaticMesh
	uin = 24
	classPrompt = StaticMesh
	position = 0 0 0
	name = StaticMesh_SM_Bridge_Main_3_0
	meshName = "Objects\\SM_Bridge_Main_3.mesh"
	collisionVehicleDrivableSurface = True
	castDynamicShadows = True
	tags
	{
	}
}
entity
{
	type = StaticMesh
	uin = 25
	classPrompt = StaticMesh
	position = 0 0 0
	name = StaticMesh_SM_Bridge_Main_4_0
	meshName = "Objects\\SM_Bridge_Main_4.mesh"
	collisionVehicleDrivableSurface = True
	castDynamicShadows = True
	tags
	{
	}
}
entity
{
	type = StaticMesh
	uin = 26
	classPrompt = StaticMesh
	position = 0 0 0
	name = StaticMesh_SM_RoadSegment_7_0
	meshName = "Objects\\SM_RoadSegment_7.mesh"
	collisionVehicleDrivableSurface = True
	castDynamicShadows = True
	tags
	{
	}
}
entity
{
	type = StaticMesh
	uin = 27
	classPrompt = StaticMesh
	position = 0 0 0
	name = StaticMesh_SM_RoadSegment_8_0
	meshName = "Objects\\SM_RoadSegment_8.mesh"
	collisionVehicleDrivableSurface = True
	castDynamicShadows = True
	tags
	{
	}
}
entity
{
	type = StaticMesh
	uin = 28
	classPrompt = StaticMesh
	position = 0 0 0
	name = StaticMesh_SM_RoadSegment_9_0
	meshName = "Objects\\SM_RoadSegment_9.mesh"
	collisionVehicleDrivableSurface = True
	castDynamicShadows = True
	tags
	{
	}
}
entity
{
	type = StaticMesh
	uin = 29
	classPrompt = StaticMesh
	position = 0 0 0
	name = StaticMesh_SM_RoadSegment_10_0
	meshName = "Objects\\SM_RoadSegment_10.mesh"
	collisionVehicleDrivableSurface = True
	castDynamicShadows = True
	tags
	{
	}
}
entity
{
	type = StaticMesh
	uin = 30
	classPrompt = StaticMesh
	position = 0 0 0
	name = StaticMesh_SM_RoadSegment_11_0
	meshName = "Objects\\SM_RoadSegment_11.mesh"
	collisionVehicleDrivableSurface = True
	castDynamicShadows = True
	tags
	{
	}
}
entity
{
	type = BMWi8
	uin = 31
	classPrompt = Car
	tireType = Wets
	autoGear = True
	autoGearAutoReverse = True
	intellectShouldDeleteAfterDetach = False
	healthFactorAtBeginning = 1
	position = -195.6601 254.9968 2.535966
	rotation = 0 0 -0.7615076 0.648156
	name = BMWi8_0
	tags
	{
	}
}
entity
{
	type = StaticMesh
	uin = 32
	classPrompt = StaticMesh
	position = 0 0 0
	name = StaticMesh_SM_RoadSegment_12_0
	meshName = "Objects\\SM_RoadSegment_12.mesh"
	collisionVehicleDrivableSurface = True
	castDynamicShadows = True
	tags
	{
	}
}
entity
{
	type = StaticMesh
	uin = 33
	classPrompt = StaticMesh
	position = 0 0 0
	name = StaticMesh_SM_RoadSegment_13_0
	meshName = "Objects\\SM_RoadSegment_13.mesh"
	collisionVehicleDrivableSurface = True
	castDynamicShadows = True
	tags
	{
	}
}
entity
{
	type = StaticMesh
	uin = 34
	classPrompt = StaticMesh
	position = 0 0 0
	name = StaticMesh_SM_RoadSegment_17_0
	meshName = "Objects\\SM_RoadSegment_17.mesh"
	collisionVehicleDrivableSurface = True
	castDynamicShadows = True
	tags
	{
	}
}
entity
{
	type = StaticMesh
	uin = 35
	classPrompt = StaticMesh
	position = 0 0 0
	name = StaticMesh_SM_RoadSegment_18_0
	meshName = "Objects\\SM_RoadSegment_18.mesh"
	collisionVehicleDrivableSurface = True
	castDynamicShadows = True
	tags
	{
	}
}
entity
{
	type = StaticMesh
	uin = 36
	classPrompt = StaticMesh
	position = 0 0 0
	name = StaticMesh_SM_Underwater_0
	meshName = "Objects\\SM_Underwater.mesh"
	forceMaterial = SUDCColor B03
	castDynamicShadows = True
	tags
	{
	}
}
entity
{
	type = StaticMesh
	uin = 37
	classPrompt = StaticMesh
	position = 0 0 0
	name = StaticMesh_SM_RoadSegment_2_0
	meshName = "Objects\\SM_RoadSegment_2.mesh"
	collisionVehicleDrivableSurface = True
	castDynamicShadows = True
	tags
	{
	}
}
entity
{
	type = SubmachineGunItem
	uin = 38
	classPrompt = WeaponItem
	respawnTime = 10
	healthFactorAtBeginning = 1
	position = -197.7278 248.6207 1.683647
	tags
	{
	}
}
entity
{
	type = StaticMesh
	uin = 39
	classPrompt = StaticMesh
	position = 0 0 0
	name = StaticMesh_SM_RoadSegment_22_0
	meshName = "Objects\\SM_RoadSegment_22.mesh"
	collisionVehicleDrivableSurface = True
	castDynamicShadows = True
	tags
	{
	}
}
entity
{
	type = StaticMesh
	uin = 40
	classPrompt = StaticMesh
	position = 0 0 0
	name = StaticMesh_SM_RoadSegment_23_0
	meshName = "Objects\\SM_RoadSegment_23.mesh"
	collisionVehicleDrivableSurface = True
	castDynamicShadows = True
	tags
	{
	}
}
entity
{
	type = StaticMesh
	uin = 41
	classPrompt = StaticMesh
	position = 0 0 0
	name = StaticMesh_SM_RoadSegment_25_0
	meshName = "Objects\\SM_RoadSegment_25.mesh"
	collisionVehicleDrivableSurface = True
	castDynamicShadows = True
	tags
	{
	}
}
entity
{
	type = StaticMesh
	uin = 42
	classPrompt = StaticMesh
	position = 0 0 0
	name = StaticMesh_SM_RoadSegment_26_0
	meshName = "Objects\\SM_RoadSegment_26.mesh"
	collisionVehicleDrivableSurface = True
	castDynamicShadows = True
	tags
	{
	}
}
entity
{
	type = StaticMesh
	uin = 43
	classPrompt = StaticMesh
	position = 0 0 0
	name = StaticMesh_SM_RoadSegment_27_0
	meshName = "Objects\\SM_RoadSegment_27.mesh"
	collisionVehicleDrivableSurface = True
	castDynamicShadows = True
	tags
	{
	}
}
entity
{
	type = StaticMesh
	uin = 44
	classPrompt = StaticMesh
	position = 0 0 0
	name = StaticMesh_SM_RoadSegment_28_0
	meshName = "Objects\\SM_RoadSegment_28.mesh"
	collisionVehicleDrivableSurface = True
	castDynamicShadows = True
	tags
	{
	}
}
entity
{
	type = StaticMesh
	uin = 45
	classPrompt = StaticMesh
	position = 0 0 0
	name = StaticMesh_SM_RoadSegment_29_0
	meshName = "Objects\\SM_RoadSegment_29.mesh"
	collisionVehicleDrivableSurface = True
	castDynamicShadows = True
	tags
	{
	}
}
entity
{
	type = StaticMesh
	uin = 46
	classPrompt = StaticMesh
	position = 0 0 0
	name = StaticMesh_SM_RoadSegment_30_0
	meshName = "Objects\\SM_RoadSegment_30.mesh"
	collisionVehicleDrivableSurface = True
	castDynamicShadows = True
	tags
	{
	}
}
entity
{
	type = StaticMesh
	uin = 47
	classPrompt = StaticMesh
	position = 0 0 0
	name = StaticMesh_SM_RoadSegment_31_0
	meshName = "Objects\\SM_RoadSegment_31.mesh"
	collisionVehicleDrivableSurface = True
	castDynamicShadows = True
	tags
	{
	}
}
entity
{
	type = StaticMesh
	uin = 48
	classPrompt = StaticMesh
	position = 0 0 0
	name = StaticMesh_SM_RoadSegment_32_0
	meshName = "Objects\\SM_RoadSegment_32.mesh"
	collisionVehicleDrivableSurface = True
	castDynamicShadows = True
	tags
	{
	}
}
entity
{
	type = StaticMesh
	uin = 49
	classPrompt = StaticMesh
	position = 0 0 0
	name = StaticMesh_SM_RoadSegment_33_0
	meshName = "Objects\\SM_RoadSegment_33.mesh"
	collisionVehicleDrivableSurface = True
	castDynamicShadows = True
	tags
	{
	}
}
entity
{
	type = StaticMesh
	uin = 50
	classPrompt = StaticMesh
	position = 0 0 0
	name = StaticMesh_SM_RoadSegment_34_0
	meshName = "Objects\\SM_RoadSegment_34.mesh"
	collisionVehicleDrivableSurface = True
	castDynamicShadows = True
	tags
	{
	}
}
entity
{
	type = StaticMesh
	uin = 51
	classPrompt = StaticMesh
	position = 0 0 0
	name = StaticMesh_SM_RoadSegment_35_0
	meshName = "Objects\\SM_RoadSegment_35.mesh"
	collisionVehicleDrivableSurface = True
	castDynamicShadows = True
	tags
	{
	}
}
entity
{
	type = StaticMesh
	uin = 52
	classPrompt = StaticMesh
	position = 0 0 0
	name = StaticMesh_SM_RoadSegment_36_0
	meshName = "Objects\\SM_RoadSegment_36.mesh"
	collisionVehicleDrivableSurface = True
	castDynamicShadows = True
	tags
	{
	}
}
entity
{
	type = StaticMesh
	uin = 53
	classPrompt = StaticMesh
	position = 0 0 0
	name = StaticMesh_SM_RoadSegment_37_0
	meshName = "Objects\\SM_RoadSegment_37.mesh"
	collisionVehicleDrivableSurface = True
	castDynamicShadows = True
	tags
	{
	}
}
entity
{
	type = StaticMesh
	uin = 54
	classPrompt = StaticMesh
	position = 0 0 0
	name = StaticMesh_SM_RoadSegment_24_0
	meshName = "Objects\\SM_RoadSegment_24.mesh"
	collisionVehicleDrivableSurface = True
	castDynamicShadows = True
	tags
	{
	}
}
entity
{
	type = StaticMesh
	uin = 55
	classPrompt = StaticMesh
	position = 0 0 0
	name = StaticMesh_SM_Bridge_Main_5_0
	meshName = "Objects\\SM_Bridge_Main_5.mesh"
	collisionVehicleDrivableSurface = True
	castDynamicShadows = True
	tags
	{
	}
}
entity
{
	type = StaticMesh
	uin = 56
	classPrompt = StaticMesh
	position = 0 0 0
	name = StaticMesh_SM_RoadSegment_38_5
	meshName = "Objects\\SM_RoadSegment_38.mesh"
	collisionVehicleDrivableSurface = True
	castDynamicShadows = True
	tags
	{
	}
}
entity
{
	type = StaticMesh
	uin = 57
	classPrompt = StaticMesh
	position = 0 0 0
	name = StaticMesh_SM_Beach_1_0
	meshName = "Objects\\SM_Beach_1.mesh"
	collisionVehicleDrivableSurface = True
	castDynamicShadows = True
	tags
	{
	}
}
entity
{
	type = StaticMesh
	uin = 58
	classPrompt = StaticMesh
	position = 0 0 0
	name = StaticMesh_SM_Beach_2_0
	meshName = "Objects\\SM_Beach_2.mesh"
	collisionVehicleDrivableSurface = True
	castDynamicShadows = True
	tags
	{
	}
}
entity
{
	type = StaticMesh
	uin = 59
	classPrompt = StaticMesh
	position = 0 0 0
	name = StaticMesh_SM_Bridge_Main_6_0
	meshName = "Objects\\SM_Bridge_Main_6.mesh"
	collisionVehicleDrivableSurface = True
	castDynamicShadows = True
	tags
	{
	}
}
entity
{
	type = StaticMesh
	uin = 60
	classPrompt = StaticMesh
	position = 0 0 0
	name = StaticMesh_SM_Bridge_Main_7_0
	meshName = "Objects\\SM_Bridge_Main_7.mesh"
	collisionVehicleDrivableSurface = True
	castDynamicShadows = True
	tags
	{
	}
}
entity
{
	type = StaticMesh
	uin = 61
	classPrompt = StaticMesh
	position = 0 0 0
	name = StaticMesh_SM_RoadSegment_39_0
	meshName = "Objects\\SM_RoadSegment_39.mesh"
	collisionVehicleDrivableSurface = True
	castDynamicShadows = True
	tags
	{
	}
}
entity
{
	type = StaticMesh
	uin = 62
	classPrompt = StaticMesh
	position = 0 0 0
	name = StaticMesh_SM_RoadSegment_40_0
	meshName = "Objects\\SM_RoadSegment_40.mesh"
	collisionVehicleDrivableSurface = True
	castDynamicShadows = True
	tags
	{
	}
}
entity
{
	type = StaticMesh
	uin = 63
	classPrompt = StaticMesh
	position = 0 0 0
	name = StaticMesh_SM_RoadSegment_41_0
	meshName = "Objects\\SM_RoadSegment_41.mesh"
	collisionVehicleDrivableSurface = True
	castDynamicShadows = True
	tags
	{
	}
}
entity
{
	type = StaticMesh
	uin = 64
	classPrompt = StaticMesh
	position = 0 0 0
	name = StaticMesh_SM_RoadSegment_42_0
	meshName = "Objects\\SM_RoadSegment_42.mesh"
	collisionVehicleDrivableSurface = True
	castDynamicShadows = True
	tags
	{
	}
}
entity
{
	type = StaticMesh
	uin = 65
	classPrompt = StaticMesh
	position = 0 0 0
	name = StaticMesh_SM_RoadSegment_43_0
	meshName = "Objects\\SM_RoadSegment_43.mesh"
	collisionVehicleDrivableSurface = True
	castDynamicShadows = True
	tags
	{
	}
}
entity
{
	type = StaticMesh
	uin = 66
	classPrompt = StaticMesh
	position = 0 0 0
	name = StaticMesh_SM_RoadSegment_44_0
	meshName = "Objects\\SM_RoadSegment_44.mesh"
	collisionVehicleDrivableSurface = True
	castDynamicShadows = True
	tags
	{
	}
}
entity
{
	type = StaticMesh
	uin = 67
	classPrompt = StaticMesh
	position = 0 0 0
	name = StaticMesh_SM_RoadSegment_45_0
	meshName = "Objects\\SM_RoadSegment_45.mesh"
	collisionVehicleDrivableSurface = True
	castDynamicShadows = True
	tags
	{
	}
}
entity
{
	type = StaticMesh
	uin = 68
	classPrompt = StaticMesh
	position = 0 0 0
	name = StaticMesh_SM_RoadSegment_46_0
	meshName = "Objects\\SM_RoadSegment_46.mesh"
	collisionVehicleDrivableSurface = True
	castDynamicShadows = True
	tags
	{
	}
}
